[www.emaar.com/index.html]
[backblue.gif]
[fade.gif]
[index.html]
[www-emaar-com.azureedge.net/wp-content/cache/min/1/wp-content/themes/twentytwenty-child/inc/assets/css/ext.min3755.css]
[www-emaar-com.azureedge.net/wp-content/cache/min/1/wp-content/themes/twentytwenty-child/assets/slick/slick3755.css]
[www-emaar-com.azureedge.net/wp-content/cache/min/1/wp-content/themes/twentytwenty-child/assets/css/style3755.css]
[www-emaar-com.azureedge.net/wp-content/cache/min/1/assets/external/widget3755.css]
[www-emaar-com.azureedge.net/wp-content/themes/twentytwenty/print8a54.css]
[www-emaar-com.azureedge.net/wp-content/themes/twentytwenty-child/inc/assets/js/jquery.mine63c.js]
[www-emaar-com.azureedge.net/wp-content/themes/twentytwenty-child/inc/assets/js/popper.mine63c.js]
[www-emaar-com.azureedge.net/wp-content/themes/twentytwenty-child/inc/assets/js/ext.mine63c.js]
[www-emaar-com.azureedge.net/wp-content/themes/twentytwenty-child/assets/js/slick.mine63c.js]
[www-emaar-com.azureedge.net/wp-content/themes/twentytwenty-child/assets/js/lazyload.mine63c.js]
[www-emaar-com.azureedge.net/wp-content/cache/min/1/assets/external/widget3755.js]
[www-emaar-com.azureedge.net/wp-content/cache/min/1/wp-content/themes/twentytwenty/assets/js/index3755.js]
[cdn.amplitude.com/libs/amplitude-7.2.1-min.gz.js]
[www.emaar.com/wp-content/themes/twentytwenty-child/inc/assets/images/clear.gif]
[www-emaar-com.azureedge.net/wp-content/uploads/2024/07/ALTUS_DCH_LOGO_EN_120.png]
[www-emaar-com.azureedge.net/wp-content/uploads/2024/07/AVENA_TV_LOGO_EN_120.png]
[www-emaar-com.azureedge.net/wp-content/uploads/2024/07/VENERA_TV_LOGO_EN_120PX.png]
[www-emaar-com.azureedge.net/wp-content/uploads/2024/05/MIRAGE_LOGO.png]
[www-emaar-com.azureedge.net/wp-content/uploads/2023/10/digital-experiance.png]
[www.emaar.com/wp-content/plugins/gravityforms/images/spinner.svg]
[www-emaar-com.azureedge.net/wp-content/plugins/gravityforms/legacy/css/formsmain.min292d.css]
[www-emaar-com.azureedge.net/wp-content/cache/min/1/wp-content/themes/twentytwenty-child/assets/js/scripts3755.js]
[www-emaar-com.azureedge.net/wp-includes/js/dist/vendor/wp-polyfill-inert.min0226.js]
[www-emaar-com.azureedge.net/wp-includes/js/dist/vendor/regenerator-runtime.min6c85.js]
[www-emaar-com.azureedge.net/wp-includes/js/dist/vendor/wp-polyfill.min2c7c.js]
[www-emaar-com.azureedge.net/wp-includes/js/dist/dom-ready.min5346.js]
[www-emaar-com.azureedge.net/wp-includes/js/dist/hooks.min2757.js]
[www-emaar-com.azureedge.net/wp-includes/js/dist/i18n.minc33c.js]
[www-emaar-com.azureedge.net/wp-includes/js/dist/a11y.mine810.js]
[www-emaar-com.azureedge.net/wp-content/plugins/gravityforms/js/jquery.json.min292d.js]
[www-emaar-com.azureedge.net/wp-content/plugins/gravityforms/js/gravityforms.min292d.js]
[www.google.com/recaptcha/api782f.js]
[www-emaar-com.azureedge.net/wp-content/plugins/gravityforms/js/jquery.textareaCounter.plugin.min292d.js]
[www-emaar-com.azureedge.net/wp-content/plugins/gravityforms/js/placeholders.jquery.min292d.js]
[www-emaar-com.azureedge.net/wp-content/plugins/gravityforms/assets/js/dist/utils.minbdb4.js]
[www-emaar-com.azureedge.net/wp-content/plugins/gravityforms/assets/js/dist/vendor-theme.minca9e.js]
[www.emaar.com/index.html]
[www-emaar-com.azureedge.net/wp-content/cache/min/1/wp-content/themes/twentytwenty-child/inc/assets/css/ext.min3755.css]
[www-emaar-com.azureedge.net/wp-content/cache/min/1/wp-content/themes/twentytwenty-child/assets/slick/slick3755.css]
[www-emaar-com.azureedge.net/wp-content/plugins/gravityforms/assets/js/dist/scripts-theme.min00af.js]
[www-emaar-com.azureedge.net/wp-content/themes/twentytwenty-child/assets/css/inc/assets/images/loading.gif]
[staticassets.azureedge.net/assets/expo-2020-img.png]
[www-emaar-com.azureedge.net/wp-content/cache/min/1/wp-content/themes/twentytwenty-child/assets/css/style3755.css]
[www-emaar-com.azureedge.net/wp-content/cache/min/1/assets/external/widget3755.css]
[www-emaar-com.azureedge.net/wp-content/cache/min/1/wp-content/themes/twentytwenty-child/style3755.css]
[www-emaar-com.azureedge.net/wp-content/themes/twentytwenty/print8a54.css]
[mobileapps.emaartechnologies.com/assets/security/style.css]
[mobileapps.emaartechnologies.com/assets/security/LOGO.png]
[www.emaar.com/wp-json/wp/v2/pages/7.html]
[www.emaar.com/xmlrpc0db0.html]
[www.googletagmanager.com/gtm5445.html]
[www.emaar.com/wp-content/themes/twentytwenty-child/index.html]
[www.emaar.com/wp-content/plugins/gravityforms/images/spinner.svg]
[www-emaar-com.azureedge.net/wp-content/plugins/gravityforms/legacy/css/chosen-sprite.png]
[www-emaar-com.azureedge.net/wp-content/plugins/gravityforms/legacy/css/chosen-sprite@2x.png]
[www-emaar-com.azureedge.net/wp-content/plugins/gravityforms/legacy/css/formsmain.min292d.css]
[www-emaar-com.azureedge.net/wp-content/themes/twentytwenty-child/assets/css/inc/assets/images/facebook.html]
[www-emaar-com.azureedge.net/wp-content/themes/twentytwenty-child/assets/css/inc/assets/images/twitter.html]
[www-emaar-com.azureedge.net/wp-content/themes/twentytwenty-child/assets/css/inc/assets/images/whatsapp.html]
[www-emaar-com.azureedge.net/wp-content/themes/twentytwenty-child/assets/css/inc/assets/images/email.html]
[www-emaar-com.azureedge.net/wp-content/themes/emaar/inc/assets/images/overlay.html]
[www-emaar-com.azureedge.net/wp-content/themes/twentytwenty-child/assets/css/inc/assets/images/Events-ribbon-2.html]
[www-emaar-com.azureedge.net/wp-content/themes/twentytwenty-child/assets/css/inc/assets/images/lrw-bg.html]
[www-emaar-com.azureedge.net/wp-content/themes/twentytwenty-child/assets/css/inc/assets/images/search-offers-rectangle@2x.html]
[www-emaar-com.azureedge.net/wp-content/themes/twentytwenty-child/assets/css/inc/assets/images/download-app-background.html]
[www.emaar.com/wp-json/index.html]
[mobileapps.emaartechnologies.com/assets/security/001.png]
[mobileapps.emaartechnologies.com/assets/security/Dubai_Opera_BG.jpg]
[mobileapps.emaartechnologies.com/assets/security/style.css]
[www.emaar.com/wp-json/oembed/1.0/embed80b9]
[www.emaar.com/wp-json/oembed/1.0/embedadcc]
[www.emaar.com/feed/index.html]
